// Jest Snapshot v1, https://goo.gl/fbAQLP

exports[`matches the snapshot 1`] = `
<div
  className="App"
>
  <div>
    <div
      className="header"
    >
      <nav>
        <a
          href="/"
          onClick={[Function]}
        >
          Main
        </a>
        <a
          href="/project-admin"
          onClick={[Function]}
        >
          Project
        </a>
        <a
          href="/user-admin"
          onClick={[Function]}
        >
          User
        </a>
      </nav>
      <button
        className="logout-button"
        onClick={[Function]}
        type="button"
      >
        Log out
      </button>
    </div>
    <div
      className="l-container"
    >
      <div
        className="todo-container"
      >
        <h1
          className="welcome-message"
          id="welcome-message"
        >
          Hello
        </h1>
        <div
          className="todo-form"
        >
          <input
            className="add-task-field"
            id="add-task-field"
            onChange={[Function]}
            type="text"
            value=""
          />
          <button
            className="button-add-task"
            onClick={[Function]}
            type="button"
          >
            Add
          </button>
          <button
            className="button-update-task"
            onClick={[Function]}
            type="button"
          >
            Update
          </button>
          <button
            className="button-clear-task"
            onClick={[Function]}
            type="button"
          >
            Clear
          </button>
        </div>
        <div
          className="filter-option"
        >
          <select
            className="filter"
            id="filter"
            name="filter"
            onChange={[Function]}
          >
            <option
              value="all"
            >
              All
            </option>
            <option
              value="done"
            >
              Done
            </option>
            <option
              value="undone"
            >
              Undone
            </option>
          </select>
        </div>
        <div
          className="todo-list"
          id="todo-list"
        />
      </div>
    </div>
  </div>
</div>
`;
